
Loading checkpoint shards:   0%|          | 0/2 [00:00<?, ?it/s]
Loading checkpoint shards:  50%|█████     | 1/2 [00:00<00:00,  1.58it/s]
Loading checkpoint shards: 100%|██████████| 2/2 [00:00<00:00,  3.07it/s]
Loading checkpoint shards: 100%|██████████| 2/2 [00:00<00:00,  2.69it/s]
~/eagle-layers/EAGLE/eagle/model/ea_model.py:128: FutureWarning: You are using `torch.load` with `weights_only=False` (the current default value), which uses the default pickle module implicitly. It is possible to construct malicious pickle data which will execute arbitrary code during unpickling (See https://github.com/pytorch/pytorch/blob/main/SECURITY.md#untrusted-models for more details). In a future release, the default value for `weights_only` will be flipped to `True`. This limits the functions that could be executed during unpickling. Arbitrary objects will no longer be allowed to be loaded via this mode unless they are explicitly allowlisted by the user via `torch.serialization.add_safe_globals`. We recommend you start setting `weights_only=True` for any use case where you don't have full control of the loaded file. Please open an issue on GitHub for any issues related to this experimental feature.
  ea_layer_state_dict = torch.load(load_model_path,
~/eagle-layers/run.py:211: FutureWarning: You are using `torch.load` with `weights_only=False` (the current default value), which uses the default pickle module implicitly. It is possible to construct malicious pickle data which will execute arbitrary code during unpickling (See https://github.com/pytorch/pytorch/blob/main/SECURITY.md#untrusted-models for more details). In a future release, the default value for `weights_only` will be flipped to `True`. This limits the functions that could be executed during unpickling. Arbitrary objects will no longer be allowed to be loaded via this mode unless they are explicitly allowlisted by the user via `torch.serialization.add_safe_globals`. We recommend you start setting `weights_only=True` for any use case where you don't have full control of the loaded file. Please open an issue on GitHub for any issues related to this experimental feature.
  data = torch.load(out / "train_data.pt")
~/eagle-layers/run.py:213: FutureWarning: You are using `torch.load` with `weights_only=False` (the current default value), which uses the default pickle module implicitly. It is possible to construct malicious pickle data which will execute arbitrary code during unpickling (See https://github.com/pytorch/pytorch/blob/main/SECURITY.md#untrusted-models for more details). In a future release, the default value for `weights_only` will be flipped to `True`. This limits the functions that could be executed during unpickling. Arbitrary objects will no longer be allowed to be loaded via this mode unless they are explicitly allowlisted by the user via `torch.serialization.add_safe_globals`. We recommend you start setting `weights_only=True` for any use case where you don't have full control of the loaded file. Please open an issue on GitHub for any issues related to this experimental feature.
  base_out = torch.load(out / "baseline_outputs.pt")
06:14:59 positions train=(59861, 29, 2048) test=(29354, 29, 2048)
06:15:05 fc shares [0.015292067641062545, 0.12092930226924142, 0.863778630089696]
06:15:12 ridge r2 single max at 25, triplet 0.978
06:15:17 probe 0: k1=0.176 k2=0.093 k3=0.076
06:15:22 probe 1: k1=0.271 k2=0.165 k3=0.103
06:15:28 probe 2: k1=0.300 k2=0.187 k3=0.114
06:15:33 probe 3: k1=0.315 k2=0.194 k3=0.120
06:15:38 probe 4: k1=0.354 k2=0.211 k3=0.129
06:15:43 probe 5: k1=0.356 k2=0.211 k3=0.129
06:15:48 probe 6: k1=0.354 k2=0.210 k3=0.135
06:15:54 probe 7: k1=0.376 k2=0.215 k3=0.136
06:15:59 probe 8: k1=0.378 k2=0.212 k3=0.138
06:16:04 probe 9: k1=0.382 k2=0.217 k3=0.140
06:16:09 probe 10: k1=0.385 k2=0.218 k3=0.140
06:16:15 probe 11: k1=0.388 k2=0.219 k3=0.142
06:16:20 probe 12: k1=0.385 k2=0.219 k3=0.143
06:16:25 probe 13: k1=0.390 k2=0.221 k3=0.141
06:16:30 probe 14: k1=0.395 k2=0.226 k3=0.144
06:16:36 probe 15: k1=0.408 k2=0.234 k3=0.151
06:16:41 probe 16: k1=0.419 k2=0.240 k3=0.151
06:16:46 probe 17: k1=0.456 k2=0.261 k3=0.161
06:16:58 probe 18: k1=0.494 k2=0.281 k3=0.174
06:17:10 probe 19: k1=0.542 k2=0.313 k3=0.186
06:17:23 probe 20: k1=0.639 k2=0.351 k3=0.196
06:17:35 probe 21: k1=0.725 k2=0.362 k3=0.206
06:17:48 probe 22: k1=0.805 k2=0.376 k3=0.203
06:18:00 probe 23: k1=0.828 k2=0.377 k3=0.199
06:18:12 probe 24: k1=0.861 k2=0.383 k3=0.198
06:18:24 probe 25: k1=0.888 k2=0.392 k3=0.195
06:18:36 probe 26: k1=0.911 k2=0.393 k3=0.197
06:18:48 probe 27: k1=0.917 k2=0.395 k3=0.192
06:19:00 probe 28: k1=0.910 k2=0.388 k3=0.196
